<?xml version="1.0" encoding="utf-8"?><testsuites name="pytest tests"><testsuite name="pytest" errors="0" failures="0" skipped="0" tests="393" time="319.722" timestamp="2026-09-21T16:47:53.641515+02:00" hostname="CHG-347750"><testcase classname="tests.test_approval_dialog" name="test_uploader_does_not_get_automatic_approval_dialog" time="5.450" /><testcase classname="tests.test_approval_dialog" name="test_other_person_still_gets_automatic_approval_dialog" time="2.908" /><testcase classname="tests.test_approval_queue" name="test_queue_contains_only_cases_this_person_may_approve" time="0.011" /><testcase classname="tests.test_approval_queue" name="test_queue_is_empty_without_approval_permission" time="0.009" /><testcase classname="tests.test_audit" name="test_first_entry_points_to_genesis" time="0.008" /><testcase classname="tests.test_audit" name="test_chain_links_continuously" time="0.012" /><testcase classname="tests.test_audit" name="test_intact_chain_is_recognized_as_valid" time="0.009" /><testcase classname="tests.test_audit" name="test_empty_chain_is_valid" time="0.010" /><testcase classname="tests.test_audit" name="test_trigger_prevents_update" time="0.012" /><testcase classname="tests.test_audit" name="test_trigger_prevents_delete" time="0.013" /><testcase classname="tests.test_audit" name="test_verify_chain_detects_content_tampering" time="0.010" /><testcase classname="tests.test_audit" name="test_verify_chain_detects_changed_actor" time="0.009" /><testcase classname="tests.test_audit" name="test_verify_chain_detects_deleted_entry" time="0.014" /><testcase classname="tests.test_audit" name="test_verify_chain_detects_reassigned_case" time="0.013" /><testcase classname="tests.test_audit" name="test_verify_chain_detects_changed_source" time="0.009" /><testcase classname="tests.test_audit" name="test_verify_chain_detects_changed_outcome" time="0.017" /><testcase classname="tests.test_audit" name="test_entries_can_be_filtered_by_case" time="0.011" /><testcase classname="tests.test_audit" name="test_entries_without_a_case_dont_disturb_the_filter" time="0.010" /><testcase classname="tests.test_audit" name="test_payload_hash_is_order_independent" time="0.012" /><testcase classname="tests.test_audit" name="test_concurrent_append_waits_for_the_current_chain_writer" time="0.184" /><testcase classname="tests.test_booking" name="test_approved_by_user_without_freigabe_group_is_denied_not_booked" time="0.009" /><testcase classname="tests.test_booking" name="test_approved_by_unknown_user_is_denied_not_booked" time="0.010" /><testcase classname="tests.test_booking" name="test_authorized_user_cannot_directly_approve_own_submission" time="0.010" /><testcase classname="tests.test_booking" name="test_authorized_name_alone_does_not_authorize_booking" time="0.010" /><testcase classname="tests.test_booking" name="test_missing_approval_record_prevents_even_a_transport_attempt" time="0.011" /><testcase classname="tests.test_bootstrap" name="test_missing_runtime_is_installed_from_seed_bundle" time="0.083" /><testcase classname="tests.test_bootstrap" name="test_existing_runtime_data_is_never_overwritten_by_default" time="0.045" /><testcase classname="tests.test_bootstrap" name="test_force_reinstalls_only_the_canonical_seed_files" time="0.110" /><testcase classname="tests.test_bootstrap" name="test_repository_seed_bundle_is_complete_and_pristine" time="0.016" /><testcase classname="tests.test_cases" name="test_waiting_case_needs_approval" time="0.001" /><testcase classname="tests.test_cases" name="test_interrupt_overrides_old_outcome_value" time="0.001" /><testcase classname="tests.test_cases" name="test_running_case" time="0.002" /><testcase classname="tests.test_cases" name="test_booked_payment_is_completed" time="0.001" /><testcase classname="tests.test_cases" name="test_archived_invoice_is_completed" time="0.001" /><testcase classname="tests.test_cases" name="test_rejected_case" time="0.001" /><testcase classname="tests.test_cases" name="test_ad_check_denial_is_its_own_status" time="0.001" /><testcase classname="tests.test_cases" name="test_target_system_rejection_is_failed" time="0.001" /><testcase classname="tests.test_cases" name="test_unreachable_booking_system_is_failed" time="0.001" /><testcase classname="tests.test_cases" name="test_unknown_outcome_does_not_count_as_success" time="0.002" /><testcase classname="tests.test_cases" name="test_closed_duplicate_is_a_completed_business_case" time="0.002" /><testcase classname="tests.test_cases" name="test_open_statuses" time="0.002" /><testcase classname="tests.test_cases" name="test_process_assignment_by_document_type" time="0.003" /><testcase classname="tests.test_cases" name="test_process_is_undetermined_before_classification" time="0.001" /><testcase classname="tests.test_config" name="test_renamed_key_is_refused_and_names_its_replacement" time="0.014" /><testcase classname="tests.test_config" name="test_every_renamed_key_is_recognised" time="0.027" /><testcase classname="tests.test_config" name="test_an_unrelated_unknown_key_is_refused_without_a_hint" time="0.191" /><testcase classname="tests.test_config" name="test_the_shipped_example_passes_its_own_guard" time="0.003" /><testcase classname="tests.test_config" name="test_a_valid_file_and_a_missing_file_both_pass" time="0.016" /><testcase classname="tests.test_config" name="test_lower_case_keys_are_accepted" time="0.016" /><testcase classname="tests.test_config" name="test_comments_blank_lines_and_export_are_not_keys" time="0.017" /><testcase classname="tests.test_config" name="test_a_value_containing_an_equals_sign_stays_in_the_value" time="0.014" /><testcase classname="tests.test_config" name="test_renamed_keys_point_at_real_settings" time="0.001" /><testcase classname="tests.test_config" name="test_no_renamed_key_is_still_a_live_setting" time="0.001" /><testcase classname="tests.test_context_navigation" name="test_open_case_carries_id_into_target_page" time="0.002" /><testcase classname="tests.test_context_navigation" name="test_show_audit_carries_case_filter_into_target_page" time="0.001" /><testcase classname="tests.test_contracts" name="test_payment_confirmation_request_omits_unset_fields" time="0.003" /><testcase classname="tests.test_contracts" name="test_payment_confirmation_request_full_key_set" time="0.001" /><testcase classname="tests.test_contracts" name="test_incoming_invoice_request_full_key_set" time="0.001" /><testcase classname="tests.test_contracts" name="test_request_round_trips_through_its_payload" time="0.001" /><testcase classname="tests.test_contracts" name="test_trigger_defaults_to_escalation" time="0.001" /><testcase classname="tests.test_contracts" name="test_trigger_survives_the_checkpoint_round_trip" time="0.001" /><testcase classname="tests.test_contracts" name="test_legacy_payload_without_trigger_reads_as_escalation" time="0.001" /><testcase classname="tests.test_contracts" name="test_response_always_carries_a_number_key_even_when_none" time="0.001" /><testcase classname="tests.test_contracts" name="test_response_omits_cost_center_id_when_absent" time="0.001" /><testcase classname="tests.test_contracts" name="test_response_round_trips_through_its_resume_payload" time="0.001" /><testcase classname="tests.test_contracts" name="test_unrecognized_decision_is_rejected_not_approved" time="0.001" /><testcase classname="tests.test_contracts" name="test_approved_property" time="0.002" /><testcase classname="tests.test_contracts" name="test_process_outcomes_use_the_declared_vocabulary" time="0.002" /><testcase classname="tests.test_contracts" name="test_every_process_interrupt_kind_is_declared_and_unique" time="0.002" /><testcase classname="tests.test_control_contracts" name="test_no_forged_or_self_approval" time="0.638" /><testcase classname="tests.test_control_contracts" name="test_one_command_per_approval" time="0.639" /><testcase classname="tests.test_control_contracts" name="test_step_contract_denies_changed_attributes[tool-delete]" time="0.012" /><testcase classname="tests.test_control_contracts" name="test_step_contract_denies_changed_attributes[level-3]" time="0.010" /><testcase classname="tests.test_control_contracts" name="test_step_contract_denies_changed_attributes[data_class-public]" time="0.008" /><testcase classname="tests.test_control_contracts" name="test_step_contract_denies_changed_attributes[process-B]" time="0.014" /><testcase classname="tests.test_control_contracts" name="test_step_contract_denies_changed_attributes[audit_required-False]" time="0.012" /><testcase classname="tests.test_control_contracts" name="test_step_contract_denies_changed_attributes[purpose-other]" time="0.009" /><testcase classname="tests.test_control_contracts" name="test_payload_change_invalidates_approval" time="0.888" /><testcase classname="tests.test_control_contracts" name="test_rights_revocation_after_approval" time="0.953" /><testcase classname="tests.test_control_contracts" name="test_atomic_target_and_replay" time="0.800" /><testcase classname="tests.test_control_contracts" name="test_audit_failure_rolls_back_target_effect" time="0.669" /><testcase classname="tests.test_control_contracts" name="test_expired_grant_and_service_spoof_denied" time="0.681" /><testcase classname="tests.test_control_contracts" name="test_invalid_money_is_not_a_booking[None]" time="0.001" /><testcase classname="tests.test_control_contracts" name="test_invalid_money_is_not_a_booking[nan]" time="0.002" /><testcase classname="tests.test_control_contracts" name="test_invalid_money_is_not_a_booking[inf]" time="0.002" /><testcase classname="tests.test_control_contracts" name="test_invalid_money_is_not_a_booking[-1]" time="0.002" /><testcase classname="tests.test_control_contracts" name="test_invalid_money_is_not_a_booking[1.001]" time="0.002" /><testcase classname="tests.test_control_contracts" name="test_archive_correction_preserves_original_and_history" time="0.777" /><testcase classname="tests.test_control_flows" name="test_authenticated_payment_finishes_once" time="10.442" /><testcase classname="tests.test_control_flows" name="test_invoice_with_unique_match_stores_original_and_cost_center" time="4.713" /><testcase classname="tests.test_control_flows" name="test_unknown_cost_center_requires_selection_then_confirmation" time="5.063" /><testcase classname="tests.test_control_flows" name="test_invalid_cost_center_cannot_be_approved" time="2.835" /><testcase classname="tests.test_control_flows" name="test_raw_identity_does_not_start_a_case" time="1.294" /><testcase classname="tests.test_control_operations" name="test_stop_revokes_pending_execution" time="0.808" /><testcase classname="tests.test_control_operations" name="test_recovery_api_rechecks_receipt_and_does_not_restart_case" time="0.707" /><testcase classname="tests.test_control_operations" name="test_cloud_and_remote_ollama_are_blocked" time="0.005" /><testcase classname="tests.test_control_operations" name="test_masked_layout_contract_requires_local_failure_and_human_review" time="0.002" /><testcase classname="tests.test_cost_center" name="test_known_reference_resolves_uniquely" time="0.016" /><testcase classname="tests.test_cost_center" name="test_missing_reference_is_not_unique" time="0.015" /><testcase classname="tests.test_cost_center" name="test_unknown_reference_is_not_unique" time="0.010" /><testcase classname="tests.test_cost_center" name="test_reference_normalizes_markdown_artifacts" time="0.013" /><testcase classname="tests.test_effects" name="test_booked_payment_shows_navision_status" time="0.011" /><testcase classname="tests.test_effects" name="test_open_invoice_is_reported_as_open" time="0.018" /><testcase classname="tests.test_effects" name="test_unknown_number_is_not_an_error" time="0.010" /><testcase classname="tests.test_effects" name="test_archiving_shows_elo_reference" time="0.017" /><testcase classname="tests.test_effects" name="test_case_without_target_system_contact" time="0.011" /><testcase classname="tests.test_filter" name="test_empty_filter_returns_everything" time="0.004" /><testcase classname="tests.test_filter" name="test_empty_filter_recognizes_itself" time="0.001" /><testcase classname="tests.test_filter" name="test_sorting_newest_first" time="0.002" /><testcase classname="tests.test_filter" name="test_search_matches_filename" time="0.002" /><testcase classname="tests.test_filter" name="test_search_matches_status_and_outcome" time="0.003" /><testcase classname="tests.test_filter" name="test_process_filter" time="0.001" /><testcase classname="tests.test_filter" name="test_status_filter" time="0.002" /><testcase classname="tests.test_filter" name="test_date_range_is_inclusive" time="0.002" /><testcase classname="tests.test_filter" name="test_case_without_start_time_is_never_filtered_out" time="0.001" /><testcase classname="tests.test_filter" name="test_open_cases_show_approval_needed_first" time="0.001" /><testcase classname="tests.test_filter" name="test_closed_cases_contain_no_open_ones" time="0.001" /><testcase classname="tests.test_filter" name="test_for_process_restricts" time="0.001" /><testcase classname="tests.test_filter" name="test_counts" time="0.002" /><testcase classname="tests.test_filter" name="test_counts_count_denied_as_not_successful" time="0.001" /><testcase classname="tests.test_flow" name="test_graph_matches_the_declared_flow" time="0.141" /><testcase classname="tests.test_flow" name="test_every_process_step_maps_to_a_graph_node" time="0.183" /><testcase classname="tests.test_flow" name="test_flow_mmd_matches_the_compiled_graph" time="0.126" /><testcase classname="tests.test_flow" name="test_architecture_md_embeds_the_current_flow_diagram" time="0.183" /><testcase classname="tests.test_formatting" name="test_enumerate_list_with_two_parts" time="0.002" /><testcase classname="tests.test_formatting" name="test_enumerate_list_with_custom_connector" time="0.003" /><testcase classname="tests.test_formatting" name="test_enumerate_list_with_three_parts" time="0.003" /><testcase classname="tests.test_formatting" name="test_enumerate_list_with_one_part" time="0.002" /><testcase classname="tests.test_formatting" name="test_enumerate_list_with_no_parts" time="0.002" /><testcase classname="tests.test_formatting" name="test_enumerate_list_ignores_empty_entries" time="0.002" /><testcase classname="tests.test_formatting" name="test_pluralize_known_document_kinds" time="0.001" /><testcase classname="tests.test_i18n" name="test_every_language_has_a_catalog" time="0.005" /><testcase classname="tests.test_i18n" name="test_interface_keys_are_identical_across_languages[en]" time="0.003" /><testcase classname="tests.test_i18n" name="test_translations_cover_everything_the_registries_declare[en]" time="0.003" /><testcase classname="tests.test_i18n" name="test_german_is_never_duplicated_into_a_catalog" time="0.002" /><testcase classname="tests.test_i18n" name="test_unknown_key_falls_back_to_the_key_itself" time="0.002" /><testcase classname="tests.test_i18n" name="test_missing_english_key_falls_back_to_german" time="0.003" /><testcase classname="tests.test_i18n" name="test_switching_language_changes_what_the_registries_read_as" time="0.004" /><testcase classname="tests.test_i18n" name="test_set_language_works_without_a_running_app" time="0.004" /><testcase classname="tests.test_i18n" name="test_unknown_language_is_rejected" time="0.004" /><testcase classname="tests.test_i18n" name="test_number_and_date_formats_follow_the_language" time="0.003" /><testcase classname="tests.test_i18n" name="test_document_kind_plurals_exist_in_every_language" time="0.003" /><testcase classname="tests.test_i18n" name="test_parameters_are_substituted" time="0.002" /><testcase classname="tests.test_i18n" name="test_text_without_parameters_is_passed_through_unformatted" time="0.002" /><testcase classname="tests.test_layer_boundaries" name="test_governance_modules_exist" time="0.006" /><testcase classname="tests.test_layer_boundaries" name="test_governance_has_no_llm_dependency[ad.py]" time="0.013" /><testcase classname="tests.test_layer_boundaries" name="test_governance_has_no_llm_dependency[audit.py]" time="0.014" /><testcase classname="tests.test_layer_boundaries" name="test_governance_has_no_llm_dependency[audit_contract.py]" time="0.010" /><testcase classname="tests.test_layer_boundaries" name="test_governance_has_no_llm_dependency[control.py]" time="0.028" /><testcase classname="tests.test_layer_boundaries" name="test_governance_has_no_llm_dependency[identity.py]" time="0.012" /><testcase classname="tests.test_layer_boundaries" name="test_governance_has_no_llm_dependency[inference_policy.py]" time="0.007" /><testcase classname="tests.test_layer_boundaries" name="test_governance_has_no_llm_dependency[policy.py]" time="0.011" /><testcase classname="tests.test_layer_boundaries" name="test_governance_has_no_llm_dependency[step_policy.py]" time="0.008" /><testcase classname="tests.test_layer_boundaries" name="test_governance_does_not_import_a_higher_layer[ad.py]" time="0.009" /><testcase classname="tests.test_layer_boundaries" name="test_governance_does_not_import_a_higher_layer[audit.py]" time="0.018" /><testcase classname="tests.test_layer_boundaries" name="test_governance_does_not_import_a_higher_layer[audit_contract.py]" time="0.008" /><testcase classname="tests.test_layer_boundaries" name="test_governance_does_not_import_a_higher_layer[control.py]" time="0.032" /><testcase classname="tests.test_layer_boundaries" name="test_governance_does_not_import_a_higher_layer[identity.py]" time="0.009" /><testcase classname="tests.test_layer_boundaries" name="test_governance_does_not_import_a_higher_layer[inference_policy.py]" time="0.005" /><testcase classname="tests.test_layer_boundaries" name="test_governance_does_not_import_a_higher_layer[policy.py]" time="0.013" /><testcase classname="tests.test_layer_boundaries" name="test_governance_does_not_import_a_higher_layer[step_policy.py]" time="0.006" /><testcase classname="tests.test_layer_boundaries" name="test_registry_is_llm_free" time="0.005" /><testcase classname="tests.test_layer_boundaries" name="test_config_is_llm_free" time="0.021" /><testcase classname="tests.test_layout_control" name="test_no_escalation_without_local_failure" time="0.725" /><testcase classname="tests.test_layout_control" name="test_only_reviewed_masked_crop_crosses_transport" time="0.855" /><testcase classname="tests.test_layout_control" name="test_full_page_or_missing_mask_is_denied" time="0.669" /><testcase classname="tests.test_layout_control" name="test_missing_provider_evidence_denies_cloud" time="0.001" /><testcase classname="tests.test_live_ai_panel" name="test_drawer_is_fixed_to_the_right_and_can_slide_in_and_out" time="0.001" /><testcase classname="tests.test_live_ai_panel" name="test_drawer_uses_the_streamlit_v2_renderer_contract" time="0.001" /><testcase classname="tests.test_live_ai_panel" name="test_snapshot_follows_payment_model_steps_and_values" time="0.004" /><testcase classname="tests.test_live_ai_panel" name="test_snapshot_keeps_missing_invoice_values_visible" time="0.001" /><testcase classname="tests.test_live_ai_panel" name="test_extracted_values_are_formatted_for_the_compact_table" time="0.001" /><testcase classname="tests.test_live_ai_panel" name="test_completed_drawer_data_contains_filename_model_and_extracted_fields" time="0.002" /><testcase classname="tests.test_live_ai_panel" name="test_begin_mounts_live_overview_outside_the_left_sidebar" time="3.515" /><testcase classname="tests.test_live_ai_panel" name="test_live_updates_use_unique_component_keys_within_one_script_run" time="4.329" /><testcase classname="tests.test_llm" name="test_local_mode_uses_ollama_everywhere" time="0.002" /><testcase classname="tests.test_llm" name="test_hybrid_mode_splits_by_risk_class" time="0.001" /><testcase classname="tests.test_llm" name="test_cloud_mode_uses_anthropic_everywhere" time="0.002" /><testcase classname="tests.test_llm" name="test_frontier_agent_gets_frontier_model" time="0.001" /><testcase classname="tests.test_llm" name="test_deterministic_components_get_no_model[reader]" time="0.002" /><testcase classname="tests.test_llm" name="test_deterministic_components_get_no_model[policy]" time="0.002" /><testcase classname="tests.test_llm" name="test_deterministic_components_get_no_model[audit]" time="0.002" /><testcase classname="tests.test_llm" name="test_deterministic_components_get_no_model[abgleich]" time="0.002" /><testcase classname="tests.test_llm" name="test_deterministic_components_get_no_model[kostenstelle]" time="0.002" /><testcase classname="tests.test_llm" name="test_deterministic_components_get_no_model[orchestrator]" time="0.002" /><testcase classname="tests.test_llm" name="test_deterministic_components_get_no_model[buchung]" time="0.002" /><testcase classname="tests.test_llm" name="test_deterministic_components_get_no_model[elo]" time="0.001" /><testcase classname="tests.test_llm" name="test_ollama_client_returns_message_content" time="0.002" /><testcase classname="tests.test_llm" name="test_ollama_client_missing_model_gives_actionable_message" time="0.003" /><testcase classname="tests.test_llm" name="test_ollama_client_other_http_error" time="0.003" /><testcase classname="tests.test_llm" name="test_ollama_client_unreachable_gives_actionable_message" time="0.010" /><testcase classname="tests.test_llm" name="test_anthropic_client_returns_parsed_output_as_json" time="0.002" /><testcase classname="tests.test_llm" name="test_anthropic_client_falls_back_to_text_content" time="0.002" /><testcase classname="tests.test_llm" name="test_anthropic_client_refusal_is_unreachable" time="0.002" /><testcase classname="tests.test_llm" name="test_anthropic_client_missing_api_key" time="0.002" /><testcase classname="tests.test_llm" name="test_anthropic_client_api_error" time="0.002" /><testcase classname="tests.test_llm" name="test_valid_response_on_first_attempt" time="0.012" /><testcase classname="tests.test_llm" name="test_schema_violation_gets_one_retry" time="0.015" /><testcase classname="tests.test_llm" name="test_retry_names_the_concrete_error" time="0.014" /><testcase classname="tests.test_llm" name="test_persistent_schema_violation_escalates_instead_of_guessing" time="0.016" /><testcase classname="tests.test_llm" name="test_non_json_escalates" time="0.017" /><testcase classname="tests.test_llm" name="test_unreachable_model_is_not_retried" time="0.018" /><testcase classname="tests.test_llm" name="test_escalation_is_traceable_in_the_audit_trail" time="0.018" /><testcase classname="tests.test_llm" name="test_successful_extraction_logs_the_model" time="0.012" /><testcase classname="tests.test_notifications" name="test_notification_page_shows_task_and_announces_it_once" time="2.908" /><testcase classname="tests.test_policy" name="test_unknown_actor_is_denied" time="0.011" /><testcase classname="tests.test_policy" name="test_components_without_write_access_cannot_write[reader]" time="0.018" /><testcase classname="tests.test_policy" name="test_components_without_write_access_cannot_write[orchestrator]" time="0.019" /><testcase classname="tests.test_policy" name="test_components_without_write_access_cannot_write[policy]" time="0.014" /><testcase classname="tests.test_policy" name="test_components_without_write_access_cannot_write[audit]" time="0.016" /><testcase classname="tests.test_policy" name="test_level_1_and_2_cannot_write[abgleich-1]" time="0.013" /><testcase classname="tests.test_policy" name="test_level_1_and_2_cannot_write[klassifikation-2]" time="0.012" /><testcase classname="tests.test_policy" name="test_level_1_and_2_cannot_write[kostenstelle-2]" time="0.014" /><testcase classname="tests.test_policy" name="test_booking_always_needs_approval[0.01]" time="0.014" /><testcase classname="tests.test_policy" name="test_booking_always_needs_approval[1500.0]" time="0.014" /><testcase classname="tests.test_policy" name="test_booking_always_needs_approval[25000.0]" time="0.013" /><testcase classname="tests.test_policy" name="test_booking_always_needs_approval[500000.0]" time="0.017" /><testcase classname="tests.test_policy" name="test_booking_needs_approval_even_without_amount" time="0.014" /><testcase classname="tests.test_policy" name="test_elo_agent_is_on_the_loop_and_runs_automatically" time="0.013" /><testcase classname="tests.test_policy" name="test_reader_access_for_group_member" time="0.013" /><testcase classname="tests.test_policy" name="test_reader_access_without_group_is_denied" time="0.019" /><testcase classname="tests.test_policy" name="test_reader_access_unknown_user_denied" time="0.017" /><testcase classname="tests.test_policy" name="test_approver_may_approve" time="0.013" /><testcase classname="tests.test_policy" name="test_approver_may_not_approve_own_document" time="0.014" /><testcase classname="tests.test_policy" name="test_submitter_may_not_approve" time="0.010" /><testcase classname="tests.test_policy" name="test_external_may_not_approve" time="0.010" /><testcase classname="tests.test_policy" name="test_unknown_agent_is_a_programming_error" time="0.011" /><testcase classname="tests.test_policy" name="test_ruling_carries_reason_and_rule" time="0.012" /><testcase classname="tests.test_portal_modes" name="test_admin_mode_seeds_documented_account_once" time="0.643" /><testcase classname="tests.test_portal_modes" name="test_demo_mode_issues_only_seeded_simulated_sessions" time="0.940" /><testcase classname="tests.test_portal_modes" name="test_extended_demo_people_have_the_requested_permissions" time="0.749" /><testcase classname="tests.test_portal_modes" name="test_demo_mode_keeps_four_eyes_and_payload_binding" time="0.760" /><testcase classname="tests.test_portal_modes" name="test_demo_mode_opens_portal_without_login" time="3.515" /><testcase classname="tests.test_portal_modes" name="test_demo_identity_switch_starts_with_clean_ui_state" time="3.545" /><testcase classname="tests.test_preflight" name="test_required_models_under_local_mode_includes_both_roles" time="0.002" /><testcase classname="tests.test_preflight" name="test_required_models_under_cloud_mode_is_empty" time="0.002" /><testcase classname="tests.test_preflight" name="test_required_models_under_hybrid_mode_excludes_risk_bearing_roles" time="0.002" /><testcase classname="tests.test_preflight" name="test_check_cloud_mode_without_key_is_not_ready" time="0.001" /><testcase classname="tests.test_preflight" name="test_check_cloud_mode_with_key_is_ready" time="0.002" /><testcase classname="tests.test_preflight" name="test_check_local_mode_ollama_unreachable_gives_actionable_message" time="0.002" /><testcase classname="tests.test_preflight" name="test_check_local_mode_missing_models_are_named" time="0.003" /><testcase classname="tests.test_preflight" name="test_check_local_mode_all_models_loaded_is_ready" time="0.003" /><testcase classname="tests.test_preflight" name="test_check_local_mode_accepts_latest_tag_normalization" time="0.002" /><testcase classname="tests.test_preflight" name="test_check_hybrid_mode_needs_api_key_in_addition_to_ollama" time="0.002" /><testcase classname="tests.test_preflight" name="test_readiness_report_names_ready_state" time="0.002" /><testcase classname="tests.test_process_registry" name="test_step_title_resolves_the_shared_booking_agent_id_correctly" time="0.001" /><testcase classname="tests.test_process_registry" name="test_klaerfall_and_buchung_share_an_agent_id_but_not_a_node" time="0.002" /><testcase classname="tests.test_process_separation" name="test_payment_confirmation_nodes_do_not_import_incoming_invoice_agents" time="0.013" /><testcase classname="tests.test_process_separation" name="test_incoming_invoice_nodes_do_not_import_payment_confirmation_agents" time="0.016" /><testcase classname="tests.test_process_separation" name="test_shared_nodes_import_neither_process_agents" time="0.008" /><testcase classname="tests.test_process_separation" name="test_workflow_only_wires_nodes_together" time="0.005" /><testcase classname="tests.test_process_separation" name="test_detail_view_knows_no_agent_directly" time="0.017" /><testcase classname="tests.test_process_views" name="test_unreachable_booking_system_explains_approval_and_missing_effect" time="0.001" /><testcase classname="tests.test_process_views" name="test_legacy_connection_refusal_is_displayed_as_unreachable" time="0.001" /><testcase classname="tests.test_process_views" name="test_business_rejection_stays_a_business_rejection" time="0.002" /><testcase classname="tests.test_process_views" name="test_duplicate_actions_cannot_look_like_a_posting_approval" time="0.001" /><testcase classname="tests.test_process_views" name="test_normal_payment_names_the_financial_effect" time="0.001" /><testcase classname="tests.test_reader" name="test_authorized_submitter_gets_markdown" time="1.566" /><testcase classname="tests.test_reader" name="test_unauthorized_submitter_is_denied" time="0.063" /><testcase classname="tests.test_reader" name="test_unknown_user_is_denied" time="0.043" /><testcase classname="tests.test_reader" name="test_denied_access_never_reads_the_file" time="0.047" /><testcase classname="tests.test_reader" name="test_denied_access_creates_an_audit_entry" time="0.048" /><testcase classname="tests.test_reader" name="test_successful_access_logs_document_hash" time="2.935" /><testcase classname="tests.test_reader" name="test_missing_file_reports_clearly" time="0.021" /><testcase classname="tests.test_scenarios" name="test_scenario1_valid_payment_needs_booking_approval" time="3.315" /><testcase classname="tests.test_scenarios" name="test_scenario1_large_amount_same_single_approval" time="2.494" /><testcase classname="tests.test_scenarios" name="test_scenario2_unknown_number_becomes_an_exception_case" time="3.872" /><testcase classname="tests.test_scenarios" name="test_scenario2_approval_by_unauthorized_user_is_denied" time="2.543" /><testcase classname="tests.test_scenarios" name="test_scenario2_approval_by_unknown_user_is_denied" time="1.934" /><testcase classname="tests.test_scenarios" name="test_scenario2_rejecting_does_not_book" time="2.630" /><testcase classname="tests.test_scenarios" name="test_scenario2b_duplicate_is_flagged_not_rebooked" time="7.572" /><testcase classname="tests.test_scenarios" name="test_scenario2c_amount_mismatch_becomes_exception_case" time="4.342" /><testcase classname="tests.test_scenarios" name="test_corrected_number_that_is_already_paid_is_refused_by_navision" time="3.473" /><testcase classname="tests.test_scenarios" name="test_scenario3_unique_cost_center_is_archived_automatically" time="4.731" /><testcase classname="tests.test_scenarios" name="test_second_archiving_of_the_same_document_is_idempotent" time="3.617" /><testcase classname="tests.test_scenarios" name="test_scenario4_missing_reference_lets_a_human_decide" time="4.917" /><testcase classname="tests.test_scenarios" name="test_scenario4_approval_by_unauthorized_user_is_denied" time="2.882" /><testcase classname="tests.test_scenarios" name="test_scenario5_unauthorized_submitter" time="0.792" /><testcase classname="tests.test_scenarios" name="test_classification_schema_failure_is_manually_routed_then_booked" time="3.917" /><testcase classname="tests.test_scenarios" name="test_invoice_schema_failure_requires_field_review_before_archiving" time="4.618" /><testcase classname="tests.test_scenarios" name="test_unreachable_navision_is_audited_from_the_caller_side" time="3.557" /><testcase classname="tests.test_scenarios" name="test_unreachable_elo_is_audited_from_the_caller_side" time="4.088" /><testcase classname="tests.test_scenarios" name="test_number_still_missing_after_approval_ends_cleanly_not_booked" time="3.762" /><testcase classname="tests.test_settings" name="test_legacy_mode_remains_the_default" time="0.002" /><testcase classname="tests.test_settings" name="test_process_profiles_are_independent" time="0.002" /><testcase classname="tests.test_settings" name="test_profile_snapshot_pins_revision" time="0.002" /><testcase classname="tests.test_settings" name="test_explicit_profile_must_have_provider_and_model_together" time="0.016" /><testcase classname="tests.test_settings" name="test_env_update_preserves_comments_and_unknown_values" time="0.052" /><testcase classname="tests.test_settings" name="test_mask_never_reveals_whole_secret" time="0.002" /><testcase classname="tests.test_settings" name="test_openai_uses_responses_structured_output" time="0.004" /><testcase classname="tests.test_settings" name="test_openai_refusal_stops_as_provider_failure" time="0.003" /><testcase classname="tests.test_settings" name="test_google_uses_pydantic_response_schema" time="0.002" /><testcase classname="tests.test_settings" name="test_auth_methods_are_part_of_effective_profile" time="0.002" /><testcase classname="tests.test_settings" name="test_provider_failure_stops_payment_without_fallback" time="0.002" /><testcase classname="tests.test_settings" name="test_configuration_audit_payload_excludes_secret" time="0.338" /><testcase classname="tests.test_settings" name="test_configuration_group_migration_is_idempotent_and_assigns_sabine" time="0.003" /><testcase classname="tests.test_steps" name="test_process_a_waits_for_booking_approval" time="0.002" /><testcase classname="tests.test_steps" name="test_process_a_booked_after_approval" time="0.001" /><testcase classname="tests.test_steps" name="test_process_a_target_system_rejects" time="0.002" /><testcase classname="tests.test_steps" name="test_process_a_unreachable_target_has_precise_hint" time="0.001" /><testcase classname="tests.test_steps" name="test_rejected_case_does_not_book" time="0.001" /><testcase classname="tests.test_steps" name="test_process_b_skips_approval_on_unique_reference" time="0.002" /><testcase classname="tests.test_steps" name="test_process_b_waits_for_cost_center_approval" time="0.002" /><testcase classname="tests.test_steps" name="test_process_b_archived_after_approval" time="0.001" /><testcase classname="tests.test_steps" name="test_ad_check_denial_marks_reader_as_failed" time="0.001" /><testcase classname="tests.test_steps" name="test_before_classification_only_shared_stretch" time="0.001" /><testcase classname="tests.test_steps" name="test_format_euro_uses_german_notation" time="0.001" /><testcase classname="tests.test_steps" name="test_format_euro_without_a_value" time="0.001" /><testcase classname="tests.test_steps" name="test_timestamp_shortens_iso" time="0.001" /><testcase classname="tests.test_steps" name="test_timestamp_stays_readable_on_unexpected_format" time="0.001" /><testcase classname="tests.test_structure" name="test_documented_paths_exist" time="0.004" /><testcase classname="tests.test_theme" name="test_light_theme_has_complete_accessible_surface_tokens" time="0.008" /><testcase classname="tests.test_theme" name="test_theme_initializes_from_browser_cookie" time="0.002" /><testcase classname="tests.test_theme" name="test_native_theme_bridge_updates_streamlit_and_browser_preference" time="0.002" /><testcase classname="tests.test_theme" name="test_sync_native_theme_passes_the_selected_mode" time="0.002" /><testcase classname="tests.test_theme" name="test_app_recovers_from_a_stale_theme_module" time="3.273" /><testcase classname="tests.test_ui_language" name="test_upload_page_without_jargon[de]" time="2.761" /><testcase classname="tests.test_ui_language" name="test_upload_page_without_jargon[en]" time="2.874" /><testcase classname="tests.test_ui_language" name="test_upload_page_without_jargon_even_without_permission[de]" time="2.965" /><testcase classname="tests.test_ui_language" name="test_upload_page_without_jargon_even_without_permission[en]" time="3.301" /><testcase classname="tests.test_ui_language" name="test_all_cases_without_jargon[de]" time="2.619" /><testcase classname="tests.test_ui_language" name="test_all_cases_without_jargon[en]" time="4.181" /><testcase classname="tests.test_ui_language" name="test_notifications_without_jargon[de]" time="3.162" /><testcase classname="tests.test_ui_language" name="test_notifications_without_jargon[en]" time="2.997" /><testcase classname="tests.test_ui_language" name="test_process_pages_without_jargon[de]" time="7.434" /><testcase classname="tests.test_ui_language" name="test_process_pages_without_jargon[en]" time="6.678" /><testcase classname="tests.test_ui_language" name="test_audit_page_without_jargon_in_the_surroundings[de]" time="6.867" /><testcase classname="tests.test_ui_language" name="test_audit_page_without_jargon_in_the_surroundings[en]" time="2.955" /><testcase classname="tests.test_ui_language" name="test_settings_page_is_translated[de-Agentenkonfiguration-Anbieter]" time="2.804" /><testcase classname="tests.test_ui_language" name="test_settings_page_is_translated[en-Agent configuration-Provider]" time="3.070" /><testcase classname="tests.test_ui_language" name="test_architecture_page_may_show_the_jargon[de]" time="3.072" /><testcase classname="tests.test_ui_language" name="test_architecture_page_may_show_the_jargon[en]" time="3.211" /><testcase classname="tests.test_ui_language" name="test_the_jargon_lists_are_kept_in_step" time="0.002" /><testcase classname="tests.test_ui_smoke" name="test_app_starts_without_exception" time="3.515" /><testcase classname="tests.test_ui_smoke" name="test_navigation_has_unique_routes" time="0.001" /><testcase classname="tests.test_ui_smoke" name="test_demo_opens_without_login_and_offers_only_role_selection" time="2.781" /><testcase classname="tests.test_ui_smoke" name="test_preferences_offer_every_language_not_the_agent_configuration" time="9.005" /><testcase classname="tests.test_ui_smoke" name="test_switching_the_language_translates_the_interface" time="2.780" /><testcase classname="tests.test_ui_smoke" name="test_preferences_switch_between_light_and_dark_mode" time="3.842" /><testcase classname="tests.test_ui_smoke" name="test_dark_mode_applies_to_other_pages" time="2.913" /><testcase classname="tests.test_ui_smoke" name="test_every_navigation_page_renders_with_the_dark_theme[upload.render()-from ui.pages import upload\n]" time="2.732" /><testcase classname="tests.test_ui_smoke" name="test_every_navigation_page_renders_with_the_dark_theme[history.render()-from ui.pages import history\n]" time="2.970" /><testcase classname="tests.test_ui_smoke" name="test_every_navigation_page_renders_with_the_dark_theme[process.render(process_registry.get_config('A'))-import process_registry\nfrom ui.pages import process\n]" time="2.830" /><testcase classname="tests.test_ui_smoke" name="test_every_navigation_page_renders_with_the_dark_theme[process.render(process_registry.get_config('B'))-import process_registry\nfrom ui.pages import process\n]" time="3.016" /><testcase classname="tests.test_ui_smoke" name="test_every_navigation_page_renders_with_the_dark_theme[audit.render()-from ui.pages import audit\n]" time="2.721" /><testcase classname="tests.test_ui_smoke" name="test_every_navigation_page_renders_with_the_dark_theme[architecture.render()-from ui.pages import architecture\n]" time="2.966" /><testcase classname="tests.test_ui_smoke" name="test_every_navigation_page_renders_with_the_dark_theme[preferences.render()-from ui.pages import preferences\n]" time="2.835" /><testcase classname="tests.test_ui_smoke" name="test_every_navigation_page_renders_with_the_dark_theme[settings.render()-from ui.pages import settings\n]" time="2.696" /><testcase classname="tests.test_ui_smoke" name="test_every_navigation_page_renders_with_the_dark_theme[case.render()-from ui.pages import case\n]" time="2.505" /><testcase classname="tests.test_ui_smoke" name="test_demo_topbar_names_role_without_logout_flow" time="2.851" /><testcase classname="tests.test_ui_smoke" name="test_upload_page_offers_dropzone_without_case_history" time="3.591" /><testcase classname="tests.test_ui_smoke" name="test_upload_page_blocks_uploading_without_permission" time="2.968" /><testcase classname="tests.test_ui_smoke" name="test_history_page_renders" time="2.968" /><testcase classname="tests.test_ui_smoke" name="test_every_process_page_renders" time="5.971" /><testcase classname="tests.test_ui_smoke" name="test_architecture_page_shows_both_processes_and_the_registry" time="2.557" /><testcase classname="tests.test_ui_smoke" name="test_audit_page_evaluates_integrity" time="3.152" /><testcase classname="tests.test_ui_smoke" name="test_case_page_without_id_stays_understandable" time="2.938" /><testcase classname="tests.test_ui_smoke" name="test_settings_page_is_editable_for_configuration_admin" time="2.588" /><testcase classname="tests.test_ui_smoke" name="test_notifications_page_renders" time="3.951" /><testcase classname="tests.test_ui_smoke" name="test_settings_page_is_read_only_without_configuration_right" time="2.676" /><testcase classname="tests.test_ui_smoke" name="test_agent_configuration_loads_provider_models_into_selectors" time="3.972" /><testcase classname="tests.test_upload" name="test_valid_pdf_is_accepted" time="0.017" /><testcase classname="tests.test_upload" name="test_wrong_extension_is_rejected" time="0.015" /><testcase classname="tests.test_upload" name="test_empty_file_is_rejected" time="0.017" /><testcase classname="tests.test_upload" name="test_wrong_content_despite_pdf_extension" time="0.016" /><testcase classname="tests.test_upload" name="test_oversized_file_is_rejected" time="0.014" /><testcase classname="tests.test_upload" name="test_store_writes_file_and_entry" time="0.028" /><testcase classname="tests.test_upload" name="test_store_normalizes_path_components_in_the_name" time="0.025" /><testcase classname="tests.test_upload" name="test_same_filename_never_overwrites_an_older_upload" time="0.038" /><testcase classname="tests.test_upload" name="test_identical_content_counts_as_a_duplicate" time="0.027" /><testcase classname="tests.test_upload" name="test_upload_is_in_the_audit_trail" time="0.030" /><testcase classname="tests.test_upload" name="test_rejected_file_is_also_in_the_trail" time="0.016" /><testcase classname="tests.test_upload" name="test_for_file_finds_the_most_recent_entry" time="0.030" /><testcase classname="tests.test_upload_to_case" name="test_upload_creates_a_case_in_the_right_process" time="2.482" /><testcase classname="tests.test_upload_to_case" name="test_case_is_in_history_and_on_the_process_page" time="4.431" /><testcase classname="tests.test_upload_to_case" name="test_case_waits_for_booking_approval" time="3.241" /><testcase classname="tests.test_upload_to_case" name="test_audit_is_filterable_by_case" time="3.134" /><testcase classname="tests.test_upload_to_case" name="test_second_run_of_the_same_file_is_its_own_case" time="3.861" /><testcase classname="tests.test_user" name="test_view_only_recognizes_the_read_right" time="0.002" /><testcase classname="tests.test_user" name="test_short_form_per_rights_combination[person0-Beides]" time="0.004" /><testcase classname="tests.test_user" name="test_short_form_per_rights_combination[person1-Hochladen]" time="0.005" /><testcase classname="tests.test_user" name="test_short_form_per_rights_combination[person2-Best\xe4tigen]" time="0.003" /><testcase classname="tests.test_user" name="test_short_form_per_rights_combination[person3-Nur lesen]" time="0.003" /><testcase classname="tests.test_user" name="test_badge_stays_as_short_as_other_status_badges" time="0.003" /><testcase classname="tests.test_user" name="test_partial_rights_are_distinguishable_in_the_badge" time="0.002" /><testcase classname="tests.test_user" name="test_every_combination_has_its_own_full_sentence" time="0.002" /><testcase classname="tests.test_user" name="test_capabilities_name_the_document_kinds_concretely" time="0.002" /><testcase classname="tests.test_user" name="test_the_block_message_also_names_the_document_kinds" time="0.002" /><testcase classname="tests.test_user" name="test_document_kinds_come_from_the_registry" time="0.002" /><testcase classname="tests.test_user" name="test_metric_addresses_the_approver_directly" time="0.001" /><testcase classname="tests.test_user" name="test_hints_name_no_security_group" time="0.002" /><testcase classname="tests.test_user" name="test_unknown_account_has_no_rights_instead_of_an_error" time="0.012" /><testcase classname="tests.test_user" name="test_known_account_is_loaded_with_a_name" time="0.010" /></testsuite></testsuites>